============================= test session starts =============================
platform win32 -- Python 3.11.1, pytest-9.0.2, pluggy-1.6.0 -- D:\Work\Projects\AI\interactive-chat-ai\.venv\Scripts\python.exe
cachedir: .pytest_cache
rootdir: D:\Work\Projects\AI\interactive-chat-ai
configfile: pyproject.toml
plugins: anyio-4.12.1
collecting ... collected 237 items

tests/test_api_endpoints.py::TestAPIEndpoints::test_health_endpoint_returns_status PASSED
tests/test_api_endpoints.py::TestAPIEndpoints::test_health_endpoint_when_engine_shutdown PASSED
tests/test_api_endpoints.py::TestAPIEndpoints::test_health_endpoint_when_no_engine PASSED
tests/test_api_endpoints.py::TestAPIEndpoints::test_get_phase_state_returns_current_phase PASSED
tests/test_api_endpoints.py::TestAPIEndpoints::test_get_phase_state_progress_includes_all_phases PASSED
tests/test_api_endpoints.py::TestAPIEndpoints::test_get_phase_state_no_engine_returns_503 PASSED
tests/test_api_endpoints.py::TestAPIEndpoints::test_get_speaker_status_returns_current_speaker PASSED
tests/test_api_endpoints.py::TestAPIEndpoints::test_get_speaker_status_includes_phase_id PASSED
tests/test_api_endpoints.py::TestAPIEndpoints::test_get_conversation_history_returns_turns PASSED
tests/test_api_endpoints.py::TestAPIEndpoints::test_get_conversation_history_includes_turn_fields PASSED
tests/test_api_endpoints.py::TestAPIEndpoints::test_get_conversation_history_respects_limit PASSED
tests/test_api_endpoints.py::TestAPIEndpoints::test_get_conversation_history_default_limit_is_50 PASSED
tests/test_api_endpoints.py::TestAPIEndpoints::test_get_full_state_returns_complete_state PASSED
tests/test_api_endpoints.py::TestAPIEndpoints::test_get_full_state_phase_section PASSED
tests/test_api_endpoints.py::TestAPIEndpoints::test_get_full_state_speaker_section PASSED
tests/test_api_endpoints.py::TestAPIEndpoints::test_get_full_state_history_section PASSED
tests/test_api_endpoints.py::TestAPIEndpoints::test_get_full_state_is_processing_flag PASSED
tests/test_api_endpoints.py::TestAPIEndpoints::test_endpoints_return_503_when_engine_not_set PASSED
tests/test_api_endpoints.py::TestAPIEndpoints::test_invalid_limit_parameter PASSED
tests/test_api_endpoints.py::TestAPIModels::test_event_payload_model PASSED
tests/test_api_endpoints.py::TestAPIModels::test_phase_state_model PASSED
tests/test_api_endpoints.py::TestAPIModels::test_speaker_status_model PASSED
tests/test_api_endpoints.py::TestAPIModels::test_turn_model PASSED
tests/test_api_endpoints.py::TestAPIModels::test_conversation_state_model PASSED
tests/test_demo_critical_signals.py::test_vad_speech_started_signal_emitted PASSED
tests/test_demo_critical_signals.py::test_vad_speech_ended_signal_emitted PASSED
tests/test_demo_critical_signals.py::test_tts_speaking_started_signal_emitted PASSED
tests/test_demo_critical_signals.py::test_tts_speaking_ended_signal_emitted PASSED
tests/test_demo_critical_signals.py::test_turn_started_signal_emitted PASSED
tests/test_demo_critical_signals.py::test_turn_completed_signal_emitted PASSED
tests/test_demo_critical_signals.py::test_speaker_status_sequence_human_to_ai PASSED
tests/test_demo_critical_signals.py::test_signal_payload_completeness_for_ui PASSED
tests/test_demo_critical_signals.py::test_system_state_tracks_speaker_signals PASSED
tests/test_e2e_conversation_flows.py::TestSingleTurnFlow::test_complete_turn_with_all_signals PASSED
tests/test_e2e_conversation_flows.py::TestAuthorityModes::test_human_authority_responsive_to_interruption PASSED
tests/test_e2e_conversation_flows.py::TestAuthorityModes::test_ai_authority_blocks_all_interruptions PASSED
tests/test_e2e_conversation_flows.py::TestAuthorityModes::test_default_authority_polite_interruption PASSED
tests/test_e2e_conversation_flows.py::TestMultiTurnConversation::test_three_turn_conversation PASSED
tests/test_e2e_conversation_flows.py::TestPhaseTransitionsE2E::test_phase_transition_during_conversation PASSED
tests/test_e2e_conversation_flows.py::TestEdgeCases::test_human_speaking_limit_enforcement PASSED
tests/test_e2e_conversation_flows.py::TestEdgeCases::test_safety_timeout_force_end PASSED
tests/test_e2e_conversation_flows.py::TestEdgeCases::test_rapid_interruptions_debounced PASSED
tests/test_e2e_conversation_flows.py::TestSignalCompleteness::test_all_critical_signals_in_turn PASSED
tests/test_gradio_demo.py::TestPhaseFormatting::test_format_phase_progress_no_data PASSED
tests/test_gradio_demo.py::TestPhaseFormatting::test_format_phase_progress_completed_phase PASSED
tests/test_gradio_demo.py::TestPhaseFormatting::test_format_phase_progress_active_phase PASSED
tests/test_gradio_demo.py::TestPhaseFormatting::test_format_phase_progress_upcoming_phase PASSED
tests/test_gradio_demo.py::TestPhaseFormatting::test_format_phase_progress_without_duration PASSED
tests/test_gradio_demo.py::TestSpeakerStatus::test_format_speaker_status_human_speaking PASSED
tests/test_gradio_demo.py::TestSpeakerStatus::test_format_speaker_status_ai_speaking PASSED
tests/test_gradio_demo.py::TestSpeakerStatus::test_format_speaker_status_silence PASSED
tests/test_gradio_demo.py::TestSpeakerStatus::test_format_speaker_status_unknown_speaker PASSED
tests/test_gradio_demo.py::TestSpeakerStatus::test_format_speaker_status_no_data PASSED
tests/test_gradio_demo.py::TestHistoryDisplay::test_format_conversation_history_empty PASSED
tests/test_gradio_demo.py::TestHistoryDisplay::test_format_conversation_history_with_turns PASSED
tests/test_gradio_demo.py::TestHistoryDisplay::test_format_conversation_history_color_coding PASSED
tests/test_gradio_demo.py::TestHistoryDisplay::test_format_conversation_history_with_error PASSED
tests/test_gradio_demo.py::TestAPIIntegration::test_get_full_state_success PASSED
tests/test_gradio_demo.py::TestAPIIntegration::test_get_full_state_connection_error PASSED
tests/test_gradio_demo.py::TestAPIIntegration::test_get_full_state_timeout PASSED
tests/test_gradio_demo.py::TestAPIIntegration::test_get_full_state_http_error PASSED
tests/test_gradio_demo.py::TestAPIIntegration::test_get_api_limitations_success PASSED
tests/test_gradio_demo.py::TestAPIIntegration::test_get_api_limitations_error PASSED
tests/test_gradio_demo.py::TestTranscriptExtraction::test_get_transcript_text_empty PASSED
tests/test_gradio_demo.py::TestTranscriptExtraction::test_get_transcript_text_with_history PASSED
tests/test_gradio_demo.py::TestTranscriptExtraction::test_get_transcript_text_format PASSED
tests/test_gradio_demo.py::TestUIComponents::test_format_live_captions_no_history PASSED
tests/test_gradio_demo.py::TestUIComponents::test_format_live_captions_latest_turn PASSED
tests/test_gradio_demo.py::TestUIComponents::test_format_session_info_connected PASSED
tests/test_gradio_demo.py::TestUIComponents::test_format_session_info_error PASSED
tests/test_gradio_demo.py::TestErrorRecovery::test_handles_api_down PASSED
tests/test_gradio_demo.py::TestErrorRecovery::test_handles_malformed_json PASSED
tests/test_gradio_demo.py::TestErrorRecovery::test_display_handles_missing_fields PASSED
tests/test_gradio_demo.py::TestAutoRefresh::test_refresh_button_available PASSED
tests/test_gradio_demo.py::TestAutoRefresh::test_refresh_updates_all_displays PASSED
tests/test_gradio_demo.py::TestAccessibility::test_html_has_semantic_structure PASSED
tests/test_gradio_demo.py::TestAccessibility::test_speaker_indicator_has_visual_contrast PASSED
tests/test_gradio_demo.py::TestAccessibility::test_labels_have_descriptive_text PASSED
tests/test_gradio_demo.py::TestInitialization::test_app_default_url PASSED
tests/test_gradio_demo.py::TestInitialization::test_app_custom_url PASSED
tests/test_gradio_demo.py::TestInitialization::test_app_state_initialization PASSED
tests/test_gradio_demo.py::TestGradioDemoIntegration::test_full_flow_with_active_conversation PASSED
tests/test_headless_comprehensive.py::TestStateTransitions::test_idle_to_speaking_on_vad_start FAILED
tests/test_headless_comprehensive.py::TestStateTransitions::test_speaking_resumes_from_pausing FAILED
tests/test_headless_comprehensive.py::TestStateTransitions::test_speaking_to_pausing_on_silence FAILED
tests/test_headless_comprehensive.py::TestStateTransitions::test_pausing_to_processing_on_extended_silence FAILED
tests/test_headless_comprehensive.py::TestAuthorityModes::test_human_authority_always_listens FAILED
tests/test_headless_comprehensive.py::TestAuthorityModes::test_ai_authority_mutes_mic_during_speech FAILED
tests/test_headless_comprehensive.py::TestAuthorityModes::test_ai_authority_blocks_interruptions FAILED
tests/test_headless_comprehensive.py::TestInterruptionLogic::test_human_interrupts_on_speech_at_low_sensitivity FAILED
tests/test_headless_comprehensive.py::TestInterruptionLogic::test_human_interrupts_on_energy_at_high_sensitivity FAILED
tests/test_headless_comprehensive.py::TestInterruptionLogic::test_hybrid_interruption_at_medium_sensitivity FAILED
tests/test_headless_comprehensive.py::TestActionGeneration::test_log_action_on_state_change FAILED
tests/test_headless_comprehensive.py::TestActionGeneration::test_speak_sentence_action_on_ai_sentence FAILED
tests/test_headless_comprehensive.py::TestActionGeneration::test_interrupt_ai_action_on_interruption FAILED
tests/test_headless_comprehensive.py::TestActionGeneration::test_process_turn_action_on_turn_end FAILED
tests/test_headless_comprehensive.py::TestTurnFlows::test_complete_user_turn_to_processing FAILED
tests/test_headless_comprehensive.py::TestTurnFlows::test_ai_response_sequence FAILED
tests/test_headless_comprehensive.py::TestProfileBehaviors::test_ielts_instructor_strict_control FAILED
tests/test_headless_comprehensive.py::TestProfileBehaviors::test_negotiator_user_priority FAILED
tests/test_headless_comprehensive.py::TestEdgeCases::test_rapid_state_transitions FAILED
tests/test_headless_comprehensive.py::TestEdgeCases::test_force_end_on_safety_timeout FAILED
tests/test_headless_comprehensive.py::TestEdgeCases::test_empty_turn_rejected FAILED
tests/test_headless_comprehensive.py::TestEdgeCases::test_human_speaking_limit FAILED
tests/test_headless_standalone.py::test_idle_to_speaking FAILED
tests/test_headless_standalone.py::test_speaking_to_pausing FAILED
tests/test_headless_standalone.py::test_pausing_to_idle FAILED
tests/test_headless_standalone.py::test_human_authority_always_listens FAILED
tests/test_headless_standalone.py::test_ai_authority_mutes_mic FAILED
tests/test_headless_standalone.py::test_ai_authority_blocks_interruptions FAILED
tests/test_headless_standalone.py::test_human_authority_interrupts FAILED
tests/test_headless_standalone.py::test_speak_sentence_action FAILED
tests/test_headless_standalone.py::test_interrupt_clears_queue FAILED
tests/test_headless_standalone.py::test_complete_user_turn FAILED
tests/test_headless_standalone.py::test_interrupt_during_ai_response FAILED
tests/test_headless_standalone.py::test_ielts_instructor_ai_authority FAILED
tests/test_headless_standalone.py::test_negotiator_human_authority FAILED
tests/test_headless_standalone.py::test_safety_timeout_force_ends FAILED
tests/test_headless_standalone.py::test_human_speaking_limit FAILED
tests/test_headless_standalone.py::test_rapid_state_transitions FAILED
tests/test_interactive_controls.py::TestTextInputModel::test_text_input_valid PASSED
tests/test_interactive_controls.py::TestTextInputModel::test_text_input_empty_rejected PASSED
tests/test_interactive_controls.py::TestTextInputModel::test_text_input_whitespace_only_rejected PASSED
tests/test_interactive_controls.py::TestTextInputModel::test_text_input_max_length PASSED
tests/test_interactive_controls.py::TestTextInputModel::test_text_input_max_length_boundary PASSED
tests/test_interactive_controls.py::TestEngineCommandRequest::test_command_valid_start PASSED
tests/test_interactive_controls.py::TestEngineCommandRequest::test_command_valid_stop PASSED
tests/test_interactive_controls.py::TestEngineCommandRequest::test_command_valid_pause PASSED
tests/test_interactive_controls.py::TestEngineCommandRequest::test_command_valid_resume PASSED
tests/test_interactive_controls.py::TestEngineCommandRequest::test_command_missing_rejected PASSED
tests/test_interactive_controls.py::TestEngineCommandResponse::test_response_valid PASSED
tests/test_interactive_controls.py::TestEngineCommandResponse::test_response_timestamp_optional PASSED
tests/test_interactive_controls.py::TestConversationReset::test_reset_keep_profile_true PASSED
tests/test_interactive_controls.py::TestConversationReset::test_reset_keep_profile_false PASSED
tests/test_interactive_controls.py::TestConversationReset::test_reset_defaults PASSED
tests/test_interactive_controls.py::TestResetResponse::test_response_valid PASSED
tests/test_interactive_controls.py::TestTextInputEndpoint::test_text_input_success PASSED
tests/test_interactive_controls.py::TestTextInputEndpoint::test_text_input_empty_rejected PASSED
tests/test_interactive_controls.py::TestTextInputEndpoint::test_text_input_engine_not_initialized PASSED
tests/test_interactive_controls.py::TestTextInputEndpoint::test_text_input_injects_event PASSED
tests/test_interactive_controls.py::TestEngineCommandEndpoint::test_command_start PASSED
tests/test_interactive_controls.py::TestEngineCommandEndpoint::test_command_stop PASSED
tests/test_interactive_controls.py::TestEngineCommandEndpoint::test_command_pause PASSED
tests/test_interactive_controls.py::TestEngineCommandEndpoint::test_command_resume PASSED
tests/test_interactive_controls.py::TestEngineCommandEndpoint::test_command_case_insensitive PASSED
tests/test_interactive_controls.py::TestEngineCommandEndpoint::test_command_invalid PASSED
tests/test_interactive_controls.py::TestEngineCommandEndpoint::test_command_engine_not_initialized PASSED
tests/test_interactive_controls.py::TestEngineCommandEndpoint::test_command_response_has_timestamp PASSED
tests/test_interactive_controls.py::TestConversationResetEndpoint::test_reset_keep_profile PASSED
tests/test_interactive_controls.py::TestConversationResetEndpoint::test_reset_new_profile PASSED
tests/test_interactive_controls.py::TestConversationResetEndpoint::test_reset_defaults_to_keep_profile PASSED
tests/test_interactive_controls.py::TestConversationResetEndpoint::test_reset_clears_pause_state PASSED
tests/test_interactive_controls.py::TestConversationResetEndpoint::test_reset_engine_not_initialized PASSED
tests/test_interactive_controls.py::TestConversationResetEndpoint::test_reset_response_has_timestamp PASSED
tests/test_interactive_controls.py::TestPhase4Integration::test_control_flow_start_input_pause PASSED
tests/test_interactive_controls.py::TestPhase4Integration::test_control_flow_reset_then_input PASSED
tests/test_phase2_integration.py::TestLimitationsEndpoint::test_get_limitations_returns_array PASSED
tests/test_phase2_integration.py::TestLimitationsEndpoint::test_limitations_have_required_fields PASSED
tests/test_phase2_integration.py::TestLimitationsEndpoint::test_single_user_limitation_documented PASSED
tests/test_phase2_integration.py::TestLimitationsEndpoint::test_phase_2_addresses_concurrency PASSED
tests/test_phase2_integration.py::TestWebSocketEndpointIntegration::test_ws_endpoint_exists PASSED
tests/test_phase2_integration.py::TestWebSocketEndpointIntegration::test_ws_requires_engine PASSED
tests/test_phase2_integration.py::TestWebSocketEndpointIntegration::test_ws_responds_to_connection PASSED
tests/test_phase2_integration.py::TestSessionLifecycleIntegration::test_session_manager_creates_and_retrieves_session PASSED
tests/test_phase2_integration.py::TestSessionLifecycleIntegration::test_session_state_transitions PASSED
tests/test_phase2_integration.py::TestSessionLifecycleIntegration::test_session_expires_on_ttl PASSED
tests/test_phase2_integration.py::TestEventBufferIntegration::test_buffer_stores_and_retrieves_events PASSED
tests/test_phase2_integration.py::TestEventBufferIntegration::test_buffer_deduplicates_by_message_id PASSED
tests/test_phase2_integration.py::TestEventBufferIntegration::test_buffer_respects_max_size PASSED
tests/test_phase2_integration.py::TestSessionConnectionManagement::test_register_and_unregister_connections PASSED
tests/test_phase2_integration.py::TestSessionConnectionManagement::test_ip_rate_limiting PASSED
tests/test_phase2_integration.py::TestHealthCheckWithEngine::test_health_shows_engine_running PASSED
tests/test_phase2_integration.py::TestHealthCheckWithEngine::test_health_shows_engine_stopped PASSED
tests/test_phase2_integration.py::TestFullAPIFlow::test_client_checks_limitations_before_connecting PASSED
tests/test_phase2_integration.py::TestFullAPIFlow::test_client_checks_health_before_connecting PASSED
tests/test_phase2_integration.py::TestFullAPIFlow::test_api_survives_missing_engine_gracefully PASSED
tests/test_phase2_integration.py::TestSessionManagerStats::test_stats_reflect_session_count PASSED
tests/test_phase2_integration.py::TestSessionManagerStats::test_stats_track_session_states PASSED
tests/test_phase2_integration.py::TestSessionManagerStats::test_cleanup_removes_expired_sessions PASSED
tests/test_phase2_integration.py::TestAPIContracts::test_limitation_response_contract PASSED
tests/test_phase2_integration.py::TestAPIContracts::test_ws_message_contract PASSED
tests/test_phase2_integration.py::TestAPIContracts::test_session_info_contract PASSED
tests/test_phase_observation_events.py::test_phase_transition_emits_phase_started_signal PASSED
tests/test_phase_observation_events.py::test_phase_transition_emits_phase_complete_signal PASSED
tests/test_phase_observation_events.py::test_phase_progress_updated_signal PASSED
tests/test_phase_observation_events.py::test_phase_transition_triggered_signal PASSED
tests/test_phase_observation_events.py::test_speaker_changed_signal_human_to_ai PASSED
tests/test_phase_observation_events.py::test_speaker_changed_signal_ai_to_silence PASSED
tests/test_phase_observation_events.py::test_phase_context_available_in_system_state PASSED
tests/test_phase_observation_events.py::test_multiple_phase_listeners PASSED
tests/test_phase_observation_events.py::test_phase_progress_tracks_completed_and_upcoming_phases PASSED
tests/test_phase_observation_events.py::test_system_state_speaker_tracking PASSED
tests/test_phase_profiles.py::test_phase_profile_structure ======================================================================
PHASE PROFILE STRUCTURE TEST
======================================================================
PASSED
tests/test_phase_profiles.py::test_phase_transitions 
======================================================================
PHASE TRANSITION LOGIC TEST
======================================================================
FAILED
tests/test_phase_profiles.py::test_phase_context_injection 
======================================================================
PHASE CONTEXT INJECTION TEST
======================================================================
FAILED
tests/test_phase_profiles.py::test_standalone_vs_phase_mode 
======================================================================
STANDALONE vs PHASE MODE TEST
======================================================================
FAILED
tests/test_phase_profiles.py::test_phase_profile_end_to_end_simple FAILED
tests/test_signals_integration.py::test_basic_state_transition PASSED
tests/test_signals_integration.py::test_signal_emission_doesnt_crash PASSED
tests/test_signals_integration.py::test_signals_optional PASSED
tests/test_signals_integration.py::test_listener_exception_handling PASSED
tests/test_signals_integration.py::test_emit_signal_function PASSED
tests/test_websocket_streaming.py::TestWebSocketConnections::test_ws_connection_creates_session PASSED
tests/test_websocket_streaming.py::TestWebSocketConnections::test_ws_connection_accepts_session_id_for_resume PASSED
tests/test_websocket_streaming.py::TestWebSocketConnections::test_ws_connection_rejects_invalid_session_id PASSED
tests/test_websocket_streaming.py::TestEventStreaming::test_vad_events_streamed_to_client PASSED
tests/test_websocket_streaming.py::TestEventStreaming::test_tts_events_streamed_to_client PASSED
tests/test_websocket_streaming.py::TestEventStreaming::test_phase_change_events_streamed PASSED
tests/test_websocket_streaming.py::TestEventStreaming::test_turn_update_events_streamed PASSED
tests/test_websocket_streaming.py::TestEventStreaming::test_multiple_clients_receive_same_events PASSED
tests/test_websocket_streaming.py::TestEventBuffering::test_event_buffer_stores_last_100_events PASSED
tests/test_websocket_streaming.py::TestEventBuffering::test_event_buffer_sends_on_reconnect PASSED
tests/test_websocket_streaming.py::TestEventBuffering::test_event_deduplication_by_message_id PASSED
tests/test_websocket_streaming.py::TestSessionManagement::test_session_created_on_connection PASSED
tests/test_websocket_streaming.py::TestSessionManagement::test_session_transitions_to_active PASSED
tests/test_websocket_streaming.py::TestSessionManagement::test_sessions_isolated_from_each_other PASSED
tests/test_websocket_streaming.py::TestSessionManagement::test_session_expires_after_30_minutes_inactivity PASSED
tests/test_websocket_streaming.py::TestRateLimiting::test_max_5_connections_per_ip PASSED
tests/test_websocket_streaming.py::TestRateLimiting::test_event_rate_limit_1000_per_minute_per_session PASSED
tests/test_websocket_streaming.py::TestErrorHandling::test_invalid_json_message_closes_connection PASSED
tests/test_websocket_streaming.py::TestErrorHandling::test_engine_error_sends_error_event PASSED
tests/test_websocket_streaming.py::TestErrorHandling::test_missing_engine_returns_503 PASSED
tests/test_websocket_streaming.py::TestAPILimitations::test_get_limitations_endpoint_lists_all_limitations PASSED
tests/test_websocket_streaming.py::TestAPILimitations::test_limitations_documented_in_openapi_schema PASSED
tests/test_websocket_streaming.py::TestWSMessageProtocol::test_server_message_is_valid_ws_event_message PASSED
tests/test_websocket_streaming.py::TestWSMessageProtocol::test_connection_request_validates_schema PASSED
tests/test_websocket_streaming.py::TestWSMessageProtocol::test_message_id_format_is_msg_prefix_8_hex PASSED
tests/test_websocket_streaming.py::TestSessionLifecycleIntegration::test_full_session_lifecycle PASSED
tests/test_websocket_streaming.py::TestSessionLifecycleIntegration::test_session_resume_preserves_event_history PASSED
tests/test_websocket_streaming.py::TestConcurrencyEdgeCases::test_two_clients_same_session_receive_events_in_order PASSED
tests/test_websocket_streaming.py::TestConcurrencyEdgeCases::test_rapid_reconnects_dont_duplicate_buffer PASSED
tests/test_websocket_streaming.py::TestConcurrencyEdgeCases::test_concurrent_sessions_dont_interfere PASSED
tests/test_websocket_streaming.py::TestPerformanceLimits::test_message_latency_under_100ms PASSED
tests/test_websocket_streaming.py::TestPerformanceLimits::test_buffer_memory_usage_bounded PASSED
tests/test_websocket_streaming.py::TestClientBehaviorSpecs::test_client_deduplicates_by_message_id PASSED
tests/test_websocket_streaming.py::TestClientBehaviorSpecs::test_client_handles_reconnect_with_event_id_tracking PASSED
tests/test_websocket_streaming.py::TestClientBehaviorSpecs::test_client_updates_ui_on_event_stream PASSED

================================== FAILURES ===================================
___________ TestStateTransitions.test_idle_to_speaking_on_vad_start ___________
tests\test_headless_comprehensive.py:81: in test_idle_to_speaking_on_vad_start
    print("\u2705 IDLE \u2192 SPEAKING transition works")
C:\Users\PC\AppData\Local\Programs\Python\Python311\Lib\encodings\cp1252.py:19: in encode
    return codecs.charmap_encode(input,self.errors,encoding_table)[0]
           ^^^^^^^^^^^^^^^^^^^^^^^^^^^^^^^^^^^^^^^^^^^^^^^^^^^^^^^
E   UnicodeEncodeError: 'charmap' codec can't encode character '\u2705' in position 0: character maps to <undefined>
___________ TestStateTransitions.test_speaking_resumes_from_pausing ___________
tests\test_headless_comprehensive.py:96: in test_speaking_resumes_from_pausing
    print("\u2705 PAUSING \u2192 SPEAKING resume works")
C:\Users\PC\AppData\Local\Programs\Python\Python311\Lib\encodings\cp1252.py:19: in encode
    return codecs.charmap_encode(input,self.errors,encoding_table)[0]
           ^^^^^^^^^^^^^^^^^^^^^^^^^^^^^^^^^^^^^^^^^^^^^^^^^^^^^^^
E   UnicodeEncodeError: 'charmap' codec can't encode character '\u2705' in position 0: character maps to <undefined>
__________ TestStateTransitions.test_speaking_to_pausing_on_silence ___________
tests\test_headless_comprehensive.py:121: in test_speaking_to_pausing_on_silence
    print("\u2705 SPEAKING \u2192 PAUSING transition works")
C:\Users\PC\AppData\Local\Programs\Python\Python311\Lib\encodings\cp1252.py:19: in encode
    return codecs.charmap_encode(input,self.errors,encoding_table)[0]
           ^^^^^^^^^^^^^^^^^^^^^^^^^^^^^^^^^^^^^^^^^^^^^^^^^^^^^^^
E   UnicodeEncodeError: 'charmap' codec can't encode character '\u2705' in position 0: character maps to <undefined>
_____ TestStateTransitions.test_pausing_to_processing_on_extended_silence _____
tests\test_headless_comprehensive.py:138: in test_pausing_to_processing_on_extended_silence
    print("\u2705 PAUSING \u2192 IDLE (PROCESS_TURN) works")
C:\Users\PC\AppData\Local\Programs\Python\Python311\Lib\encodings\cp1252.py:19: in encode
    return codecs.charmap_encode(input,self.errors,encoding_table)[0]
           ^^^^^^^^^^^^^^^^^^^^^^^^^^^^^^^^^^^^^^^^^^^^^^^^^^^^^^^
E   UnicodeEncodeError: 'charmap' codec can't encode character '\u2705' in position 0: character maps to <undefined>
___________ TestAuthorityModes.test_human_authority_always_listens ____________
tests\test_headless_comprehensive.py:160: in test_human_authority_always_listens
    print("\u2705 Human authority allows audio buffering during AI speech")
C:\Users\PC\AppData\Local\Programs\Python\Python311\Lib\encodings\cp1252.py:19: in encode
    return codecs.charmap_encode(input,self.errors,encoding_table)[0]
           ^^^^^^^^^^^^^^^^^^^^^^^^^^^^^^^^^^^^^^^^^^^^^^^^^^^^^^^
E   UnicodeEncodeError: 'charmap' codec can't encode character '\u2705' in position 0: character maps to <undefined>
________ TestAuthorityModes.test_ai_authority_mutes_mic_during_speech _________
tests\test_headless_comprehensive.py:179: in test_ai_authority_mutes_mic_during_speech
    print("\u2705 AI authority mutes mic during AI speech")
C:\Users\PC\AppData\Local\Programs\Python\Python311\Lib\encodings\cp1252.py:19: in encode
    return codecs.charmap_encode(input,self.errors,encoding_table)[0]
           ^^^^^^^^^^^^^^^^^^^^^^^^^^^^^^^^^^^^^^^^^^^^^^^^^^^^^^^
E   UnicodeEncodeError: 'charmap' codec can't encode character '\u2705' in position 0: character maps to <undefined>
__________ TestAuthorityModes.test_ai_authority_blocks_interruptions __________
tests\test_headless_comprehensive.py:194: in test_ai_authority_blocks_interruptions
    print("\u2705 AI authority blocks all interruptions")
C:\Users\PC\AppData\Local\Programs\Python\Python311\Lib\encodings\cp1252.py:19: in encode
    return codecs.charmap_encode(input,self.errors,encoding_table)[0]
           ^^^^^^^^^^^^^^^^^^^^^^^^^^^^^^^^^^^^^^^^^^^^^^^^^^^^^^^
E   UnicodeEncodeError: 'charmap' codec can't encode character '\u2705' in position 0: character maps to <undefined>
__ TestInterruptionLogic.test_human_interrupts_on_speech_at_low_sensitivity ___
tests\test_headless_comprehensive.py:214: in test_human_interrupts_on_speech_at_low_sensitivity
    print("\u2705 Sensitivity=0.0 interrupts on speech detection")
C:\Users\PC\AppData\Local\Programs\Python\Python311\Lib\encodings\cp1252.py:19: in encode
    return codecs.charmap_encode(input,self.errors,encoding_table)[0]
           ^^^^^^^^^^^^^^^^^^^^^^^^^^^^^^^^^^^^^^^^^^^^^^^^^^^^^^^
E   UnicodeEncodeError: 'charmap' codec can't encode character '\u2705' in position 0: character maps to <undefined>
__ TestInterruptionLogic.test_human_interrupts_on_energy_at_high_sensitivity __
tests\test_headless_comprehensive.py:230: in test_human_interrupts_on_energy_at_high_sensitivity
    print("\u2705 Sensitivity=1.0 interrupts on energy alone")
C:\Users\PC\AppData\Local\Programs\Python\Python311\Lib\encodings\cp1252.py:19: in encode
    return codecs.charmap_encode(input,self.errors,encoding_table)[0]
           ^^^^^^^^^^^^^^^^^^^^^^^^^^^^^^^^^^^^^^^^^^^^^^^^^^^^^^^
E   UnicodeEncodeError: 'charmap' codec can't encode character '\u2705' in position 0: character maps to <undefined>
____ TestInterruptionLogic.test_hybrid_interruption_at_medium_sensitivity _____
tests\test_headless_comprehensive.py:244: in test_hybrid_interruption_at_medium_sensitivity
    print(f"  Hybrid: Energy only \u2192 Interrupt? {has_interrupt}")
C:\Users\PC\AppData\Local\Programs\Python\Python311\Lib\encodings\cp1252.py:19: in encode
    return codecs.charmap_encode(input,self.errors,encoding_table)[0]
           ^^^^^^^^^^^^^^^^^^^^^^^^^^^^^^^^^^^^^^^^^^^^^^^^^^^^^^^
E   UnicodeEncodeError: 'charmap' codec can't encode character '\u2192' in position 22: character maps to <undefined>
____________ TestActionGeneration.test_log_action_on_state_change _____________
tests\test_headless_comprehensive.py:260: in test_log_action_on_state_change
    print(f"  Generated logs: {log_messages}")
C:\Users\PC\AppData\Local\Programs\Python\Python311\Lib\encodings\cp1252.py:19: in encode
    return codecs.charmap_encode(input,self.errors,encoding_table)[0]
           ^^^^^^^^^^^^^^^^^^^^^^^^^^^^^^^^^^^^^^^^^^^^^^^^^^^^^^^
E   UnicodeEncodeError: 'charmap' codec can't encode character '\U0001f7e2' in position 20: character maps to <undefined>
_______ TestActionGeneration.test_speak_sentence_action_on_ai_sentence ________
tests\test_headless_comprehensive.py:272: in test_speak_sentence_action_on_ai_sentence
    print("\u2705 AI_SENTENCE_READY generates SPEAK_SENTENCE action")
C:\Users\PC\AppData\Local\Programs\Python\Python311\Lib\encodings\cp1252.py:19: in encode
    return codecs.charmap_encode(input,self.errors,encoding_table)[0]
           ^^^^^^^^^^^^^^^^^^^^^^^^^^^^^^^^^^^^^^^^^^^^^^^^^^^^^^^
E   UnicodeEncodeError: 'charmap' codec can't encode character '\u2705' in position 0: character maps to <undefined>
________ TestActionGeneration.test_interrupt_ai_action_on_interruption ________
tests\test_headless_comprehensive.py:288: in test_interrupt_ai_action_on_interruption
    print("\u2705 Interruption generates INTERRUPT_AI action and clears queue")
C:\Users\PC\AppData\Local\Programs\Python\Python311\Lib\encodings\cp1252.py:19: in encode
    return codecs.charmap_encode(input,self.errors,encoding_table)[0]
           ^^^^^^^^^^^^^^^^^^^^^^^^^^^^^^^^^^^^^^^^^^^^^^^^^^^^^^^
E   UnicodeEncodeError: 'charmap' codec can't encode character '\u2705' in position 0: character maps to <undefined>
__________ TestActionGeneration.test_process_turn_action_on_turn_end __________
tests\test_headless_comprehensive.py:303: in test_process_turn_action_on_turn_end
    print("\u2705 Turn end generates PROCESS_TURN action")
C:\Users\PC\AppData\Local\Programs\Python\Python311\Lib\encodings\cp1252.py:19: in encode
    return codecs.charmap_encode(input,self.errors,encoding_table)[0]
           ^^^^^^^^^^^^^^^^^^^^^^^^^^^^^^^^^^^^^^^^^^^^^^^^^^^^^^^
E   UnicodeEncodeError: 'charmap' codec can't encode character '\u2705' in position 0: character maps to <undefined>
_____________ TestTurnFlows.test_complete_user_turn_to_processing _____________
tests\test_headless_comprehensive.py:353: in test_complete_user_turn_to_processing
    print("\u2705 Complete user turn flow works")
C:\Users\PC\AppData\Local\Programs\Python\Python311\Lib\encodings\cp1252.py:19: in encode
    return codecs.charmap_encode(input,self.errors,encoding_table)[0]
           ^^^^^^^^^^^^^^^^^^^^^^^^^^^^^^^^^^^^^^^^^^^^^^^^^^^^^^^
E   UnicodeEncodeError: 'charmap' codec can't encode character '\u2705' in position 0: character maps to <undefined>
___________________ TestTurnFlows.test_ai_response_sequence ___________________
tests\test_headless_comprehensive.py:383: in test_ai_response_sequence
    print("\u2705 AI response can be interrupted mid-stream")
C:\Users\PC\AppData\Local\Programs\Python\Python311\Lib\encodings\cp1252.py:19: in encode
    return codecs.charmap_encode(input,self.errors,encoding_table)[0]
           ^^^^^^^^^^^^^^^^^^^^^^^^^^^^^^^^^^^^^^^^^^^^^^^^^^^^^^^
E   UnicodeEncodeError: 'charmap' codec can't encode character '\u2705' in position 0: character maps to <undefined>
__________ TestProfileBehaviors.test_ielts_instructor_strict_control __________
tests\test_headless_comprehensive.py:410: in test_ielts_instructor_strict_control
    print("\u2705 IELTS Instructor: No interruptions allowed")
C:\Users\PC\AppData\Local\Programs\Python\Python311\Lib\encodings\cp1252.py:19: in encode
    return codecs.charmap_encode(input,self.errors,encoding_table)[0]
           ^^^^^^^^^^^^^^^^^^^^^^^^^^^^^^^^^^^^^^^^^^^^^^^^^^^^^^^
E   UnicodeEncodeError: 'charmap' codec can't encode character '\u2705' in position 0: character maps to <undefined>
_____________ TestProfileBehaviors.test_negotiator_user_priority ______________
tests\test_headless_comprehensive.py:434: in test_negotiator_user_priority
    print("\u2705 Negotiator: User interruption works immediately")
C:\Users\PC\AppData\Local\Programs\Python\Python311\Lib\encodings\cp1252.py:19: in encode
    return codecs.charmap_encode(input,self.errors,encoding_table)[0]
           ^^^^^^^^^^^^^^^^^^^^^^^^^^^^^^^^^^^^^^^^^^^^^^^^^^^^^^^
E   UnicodeEncodeError: 'charmap' codec can't encode character '\u2705' in position 0: character maps to <undefined>
_________________ TestEdgeCases.test_rapid_state_transitions __________________
tests\test_headless_comprehensive.py:462: in test_rapid_state_transitions
    print("\u2705 Rapid transitions handled correctly")
C:\Users\PC\AppData\Local\Programs\Python\Python311\Lib\encodings\cp1252.py:19: in encode
    return codecs.charmap_encode(input,self.errors,encoding_table)[0]
           ^^^^^^^^^^^^^^^^^^^^^^^^^^^^^^^^^^^^^^^^^^^^^^^^^^^^^^^
E   UnicodeEncodeError: 'charmap' codec can't encode character '\u2705' in position 0: character maps to <undefined>
_______________ TestEdgeCases.test_force_end_on_safety_timeout ________________
tests\test_headless_comprehensive.py:479: in test_force_end_on_safety_timeout
    print("\u2705 Safety timeout force-ends turn")
C:\Users\PC\AppData\Local\Programs\Python\Python311\Lib\encodings\cp1252.py:19: in encode
    return codecs.charmap_encode(input,self.errors,encoding_table)[0]
           ^^^^^^^^^^^^^^^^^^^^^^^^^^^^^^^^^^^^^^^^^^^^^^^^^^^^^^^
E   UnicodeEncodeError: 'charmap' codec can't encode character '\u2705' in position 0: character maps to <undefined>
___________________ TestEdgeCases.test_empty_turn_rejected ____________________
tests\test_headless_comprehensive.py:495: in test_empty_turn_rejected
    print("\u2705 Empty turn generates PROCESS_TURN (handler will reject)")
C:\Users\PC\AppData\Local\Programs\Python\Python311\Lib\encodings\cp1252.py:19: in encode
    return codecs.charmap_encode(input,self.errors,encoding_table)[0]
           ^^^^^^^^^^^^^^^^^^^^^^^^^^^^^^^^^^^^^^^^^^^^^^^^^^^^^^^
E   UnicodeEncodeError: 'charmap' codec can't encode character '\u2705' in position 0: character maps to <undefined>
___________________ TestEdgeCases.test_human_speaking_limit ___________________
tests\test_headless_comprehensive.py:512: in test_human_speaking_limit
    print("\u2705 Human speaking limit triggers acknowledgment")
C:\Users\PC\AppData\Local\Programs\Python\Python311\Lib\encodings\cp1252.py:19: in encode
    return codecs.charmap_encode(input,self.errors,encoding_table)[0]
           ^^^^^^^^^^^^^^^^^^^^^^^^^^^^^^^^^^^^^^^^^^^^^^^^^^^^^^^
E   UnicodeEncodeError: 'charmap' codec can't encode character '\u2705' in position 0: character maps to <undefined>
____________________________ test_idle_to_speaking ____________________________
tests\test_headless_standalone.py:105: in test_idle_to_speaking
    results.pass_test("IDLE \u2192 SPEAKING on VAD_SPEECH_START")
tests\test_headless_standalone.py:38: in pass_test
    print(f"\u2705 {name}")
C:\Users\PC\AppData\Local\Programs\Python\Python311\Lib\encodings\cp1252.py:19: in encode
    return codecs.charmap_encode(input,self.errors,encoding_table)[0]
           ^^^^^^^^^^^^^^^^^^^^^^^^^^^^^^^^^^^^^^^^^^^^^^^^^^^^^^^
E   UnicodeEncodeError: 'charmap' codec can't encode character '\u2705' in position 0: character maps to <undefined>

During handling of the above exception, another exception occurred:
tests\test_headless_standalone.py:107: in test_idle_to_speaking
    results.fail_test("IDLE \u2192 SPEAKING on VAD_SPEECH_START", e)
tests\test_headless_standalone.py:45: in fail_test
    print(f"\u274c {name}")
C:\Users\PC\AppData\Local\Programs\Python\Python311\Lib\encodings\cp1252.py:19: in encode
    return codecs.charmap_encode(input,self.errors,encoding_table)[0]
           ^^^^^^^^^^^^^^^^^^^^^^^^^^^^^^^^^^^^^^^^^^^^^^^^^^^^^^^
E   UnicodeEncodeError: 'charmap' codec can't encode character '\u274c' in position 0: character maps to <undefined>
__________________________ test_speaking_to_pausing ___________________________
tests\test_headless_standalone.py:127: in test_speaking_to_pausing
    results.pass_test("SPEAKING \u2192 PAUSING on silence")
tests\test_headless_standalone.py:38: in pass_test
    print(f"\u2705 {name}")
C:\Users\PC\AppData\Local\Programs\Python\Python311\Lib\encodings\cp1252.py:19: in encode
    return codecs.charmap_encode(input,self.errors,encoding_table)[0]
           ^^^^^^^^^^^^^^^^^^^^^^^^^^^^^^^^^^^^^^^^^^^^^^^^^^^^^^^
E   UnicodeEncodeError: 'charmap' codec can't encode character '\u2705' in position 0: character maps to <undefined>

During handling of the above exception, another exception occurred:
tests\test_headless_standalone.py:129: in test_speaking_to_pausing
    results.fail_test("SPEAKING \u2192 PAUSING on silence", e)
tests\test_headless_standalone.py:45: in fail_test
    print(f"\u274c {name}")
C:\Users\PC\AppData\Local\Programs\Python\Python311\Lib\encodings\cp1252.py:19: in encode
    return codecs.charmap_encode(input,self.errors,encoding_table)[0]
           ^^^^^^^^^^^^^^^^^^^^^^^^^^^^^^^^^^^^^^^^^^^^^^^^^^^^^^^
E   UnicodeEncodeError: 'charmap' codec can't encode character '\u274c' in position 0: character maps to <undefined>
____________________________ test_pausing_to_idle _____________________________
tests\test_headless_standalone.py:151: in test_pausing_to_idle
    results.pass_test("PAUSING \u2192 IDLE with PROCESS_TURN on extended silence")
tests\test_headless_standalone.py:38: in pass_test
    print(f"\u2705 {name}")
C:\Users\PC\AppData\Local\Programs\Python\Python311\Lib\encodings\cp1252.py:19: in encode
    return codecs.charmap_encode(input,self.errors,encoding_table)[0]
           ^^^^^^^^^^^^^^^^^^^^^^^^^^^^^^^^^^^^^^^^^^^^^^^^^^^^^^^
E   UnicodeEncodeError: 'charmap' codec can't encode character '\u2705' in position 0: character maps to <undefined>

During handling of the above exception, another exception occurred:
tests\test_headless_standalone.py:153: in test_pausing_to_idle
    results.fail_test("PAUSING \u2192 IDLE on extended silence", e)
tests\test_headless_standalone.py:45: in fail_test
    print(f"\u274c {name}")
C:\Users\PC\AppData\Local\Programs\Python\Python311\Lib\encodings\cp1252.py:19: in encode
    return codecs.charmap_encode(input,self.errors,encoding_table)[0]
           ^^^^^^^^^^^^^^^^^^^^^^^^^^^^^^^^^^^^^^^^^^^^^^^^^^^^^^^
E   UnicodeEncodeError: 'charmap' codec can't encode character '\u274c' in position 0: character maps to <undefined>
_____________________ test_human_authority_always_listens _____________________
tests\test_headless_standalone.py:174: in test_human_authority_always_listens
    results.pass_test("Human authority listens during AI speech")
tests\test_headless_standalone.py:38: in pass_test
    print(f"\u2705 {name}")
C:\Users\PC\AppData\Local\Programs\Python\Python311\Lib\encodings\cp1252.py:19: in encode
    return codecs.charmap_encode(input,self.errors,encoding_table)[0]
           ^^^^^^^^^^^^^^^^^^^^^^^^^^^^^^^^^^^^^^^^^^^^^^^^^^^^^^^
E   UnicodeEncodeError: 'charmap' codec can't encode character '\u2705' in position 0: character maps to <undefined>

During handling of the above exception, another exception occurred:
tests\test_headless_standalone.py:176: in test_human_authority_always_listens
    results.fail_test("Human authority listens during AI speech", e)
tests\test_headless_standalone.py:45: in fail_test
    print(f"\u274c {name}")
C:\Users\PC\AppData\Local\Programs\Python\Python311\Lib\encodings\cp1252.py:19: in encode
    return codecs.charmap_encode(input,self.errors,encoding_table)[0]
           ^^^^^^^^^^^^^^^^^^^^^^^^^^^^^^^^^^^^^^^^^^^^^^^^^^^^^^^
E   UnicodeEncodeError: 'charmap' codec can't encode character '\u274c' in position 0: character maps to <undefined>
_________________________ test_ai_authority_mutes_mic _________________________
tests\test_headless_standalone.py:198: in test_ai_authority_mutes_mic
    results.pass_test("AI authority mutes mic during AI speech")
tests\test_headless_standalone.py:38: in pass_test
    print(f"\u2705 {name}")
C:\Users\PC\AppData\Local\Programs\Python\Python311\Lib\encodings\cp1252.py:19: in encode
    return codecs.charmap_encode(input,self.errors,encoding_table)[0]
           ^^^^^^^^^^^^^^^^^^^^^^^^^^^^^^^^^^^^^^^^^^^^^^^^^^^^^^^
E   UnicodeEncodeError: 'charmap' codec can't encode character '\u2705' in position 0: character maps to <undefined>

During handling of the above exception, another exception occurred:
tests\test_headless_standalone.py:200: in test_ai_authority_mutes_mic
    results.fail_test("AI authority mutes mic during AI speech", e)
tests\test_headless_standalone.py:45: in fail_test
    print(f"\u274c {name}")
C:\Users\PC\AppData\Local\Programs\Python\Python311\Lib\encodings\cp1252.py:19: in encode
    return codecs.charmap_encode(input,self.errors,encoding_table)[0]
           ^^^^^^^^^^^^^^^^^^^^^^^^^^^^^^^^^^^^^^^^^^^^^^^^^^^^^^^
E   UnicodeEncodeError: 'charmap' codec can't encode character '\u274c' in position 0: character maps to <undefined>
___________________ test_ai_authority_blocks_interruptions ____________________
tests\test_headless_standalone.py:219: in test_ai_authority_blocks_interruptions
    results.pass_test("AI authority blocks interruptions")
tests\test_headless_standalone.py:38: in pass_test
    print(f"\u2705 {name}")
C:\Users\PC\AppData\Local\Programs\Python\Python311\Lib\encodings\cp1252.py:19: in encode
    return codecs.charmap_encode(input,self.errors,encoding_table)[0]
           ^^^^^^^^^^^^^^^^^^^^^^^^^^^^^^^^^^^^^^^^^^^^^^^^^^^^^^^
E   UnicodeEncodeError: 'charmap' codec can't encode character '\u2705' in position 0: character maps to <undefined>

During handling of the above exception, another exception occurred:
tests\test_headless_standalone.py:221: in test_ai_authority_blocks_interruptions
    results.fail_test("AI authority blocks interruptions", e)
tests\test_headless_standalone.py:45: in fail_test
    print(f"\u274c {name}")
C:\Users\PC\AppData\Local\Programs\Python\Python311\Lib\encodings\cp1252.py:19: in encode
    return codecs.charmap_encode(input,self.errors,encoding_table)[0]
           ^^^^^^^^^^^^^^^^^^^^^^^^^^^^^^^^^^^^^^^^^^^^^^^^^^^^^^^
E   UnicodeEncodeError: 'charmap' codec can't encode character '\u274c' in position 0: character maps to <undefined>
_______________________ test_human_authority_interrupts _______________________
tests\test_headless_standalone.py:242: in test_human_authority_interrupts
    results.pass_test("Human authority interrupts AI speech")
tests\test_headless_standalone.py:38: in pass_test
    print(f"\u2705 {name}")
C:\Users\PC\AppData\Local\Programs\Python\Python311\Lib\encodings\cp1252.py:19: in encode
    return codecs.charmap_encode(input,self.errors,encoding_table)[0]
           ^^^^^^^^^^^^^^^^^^^^^^^^^^^^^^^^^^^^^^^^^^^^^^^^^^^^^^^
E   UnicodeEncodeError: 'charmap' codec can't encode character '\u2705' in position 0: character maps to <undefined>

During handling of the above exception, another exception occurred:
tests\test_headless_standalone.py:244: in test_human_authority_interrupts
    results.fail_test("Human authority interrupts AI speech", e)
tests\test_headless_standalone.py:45: in fail_test
    print(f"\u274c {name}")
C:\Users\PC\AppData\Local\Programs\Python\Python311\Lib\encodings\cp1252.py:19: in encode
    return codecs.charmap_encode(input,self.errors,encoding_table)[0]
           ^^^^^^^^^^^^^^^^^^^^^^^^^^^^^^^^^^^^^^^^^^^^^^^^^^^^^^^
E   UnicodeEncodeError: 'charmap' codec can't encode character '\u274c' in position 0: character maps to <undefined>
_________________________ test_speak_sentence_action __________________________
tests\test_headless_standalone.py:260: in test_speak_sentence_action
    results.pass_test("AI_SENTENCE_READY generates SPEAK_SENTENCE")
tests\test_headless_standalone.py:38: in pass_test
    print(f"\u2705 {name}")
C:\Users\PC\AppData\Local\Programs\Python\Python311\Lib\encodings\cp1252.py:19: in encode
    return codecs.charmap_encode(input,self.errors,encoding_table)[0]
           ^^^^^^^^^^^^^^^^^^^^^^^^^^^^^^^^^^^^^^^^^^^^^^^^^^^^^^^
E   UnicodeEncodeError: 'charmap' codec can't encode character '\u2705' in position 0: character maps to <undefined>

During handling of the above exception, another exception occurred:
tests\test_headless_standalone.py:262: in test_speak_sentence_action
    results.fail_test("AI_SENTENCE_READY generates SPEAK_SENTENCE", e)
tests\test_headless_standalone.py:45: in fail_test
    print(f"\u274c {name}")
C:\Users\PC\AppData\Local\Programs\Python\Python311\Lib\encodings\cp1252.py:19: in encode
    return codecs.charmap_encode(input,self.errors,encoding_table)[0]
           ^^^^^^^^^^^^^^^^^^^^^^^^^^^^^^^^^^^^^^^^^^^^^^^^^^^^^^^
E   UnicodeEncodeError: 'charmap' codec can't encode character '\u274c' in position 0: character maps to <undefined>
_________________________ test_interrupt_clears_queue _________________________
tests\test_headless_standalone.py:286: in test_interrupt_clears_queue
    results.pass_test("Interruption clears AI speech queue")
tests\test_headless_standalone.py:38: in pass_test
    print(f"\u2705 {name}")
C:\Users\PC\AppData\Local\Programs\Python\Python311\Lib\encodings\cp1252.py:19: in encode
    return codecs.charmap_encode(input,self.errors,encoding_table)[0]
           ^^^^^^^^^^^^^^^^^^^^^^^^^^^^^^^^^^^^^^^^^^^^^^^^^^^^^^^
E   UnicodeEncodeError: 'charmap' codec can't encode character '\u2705' in position 0: character maps to <undefined>

During handling of the above exception, another exception occurred:
tests\test_headless_standalone.py:288: in test_interrupt_clears_queue
    results.fail_test("Interruption clears AI speech queue", e)
tests\test_headless_standalone.py:45: in fail_test
    print(f"\u274c {name}")
C:\Users\PC\AppData\Local\Programs\Python\Python311\Lib\encodings\cp1252.py:19: in encode
    return codecs.charmap_encode(input,self.errors,encoding_table)[0]
           ^^^^^^^^^^^^^^^^^^^^^^^^^^^^^^^^^^^^^^^^^^^^^^^^^^^^^^^
E   UnicodeEncodeError: 'charmap' codec can't encode character '\u274c' in position 0: character maps to <undefined>
___________________________ test_complete_user_turn ___________________________
tests\test_headless_standalone.py:334: in test_complete_user_turn
    results.pass_test("Complete user turn flow")
tests\test_headless_standalone.py:38: in pass_test
    print(f"\u2705 {name}")
C:\Users\PC\AppData\Local\Programs\Python\Python311\Lib\encodings\cp1252.py:19: in encode
    return codecs.charmap_encode(input,self.errors,encoding_table)[0]
           ^^^^^^^^^^^^^^^^^^^^^^^^^^^^^^^^^^^^^^^^^^^^^^^^^^^^^^^
E   UnicodeEncodeError: 'charmap' codec can't encode character '\u2705' in position 0: character maps to <undefined>

During handling of the above exception, another exception occurred:
tests\test_headless_standalone.py:336: in test_complete_user_turn
    results.fail_test("Complete user turn flow", e)
tests\test_headless_standalone.py:45: in fail_test
    print(f"\u274c {name}")
C:\Users\PC\AppData\Local\Programs\Python\Python311\Lib\encodings\cp1252.py:19: in encode
    return codecs.charmap_encode(input,self.errors,encoding_table)[0]
           ^^^^^^^^^^^^^^^^^^^^^^^^^^^^^^^^^^^^^^^^^^^^^^^^^^^^^^^
E   UnicodeEncodeError: 'charmap' codec can't encode character '\u274c' in position 0: character maps to <undefined>
______________________ test_interrupt_during_ai_response ______________________
tests\test_headless_standalone.py:360: in test_interrupt_during_ai_response
    results.pass_test("Interrupt during AI response")
tests\test_headless_standalone.py:38: in pass_test
    print(f"\u2705 {name}")
C:\Users\PC\AppData\Local\Programs\Python\Python311\Lib\encodings\cp1252.py:19: in encode
    return codecs.charmap_encode(input,self.errors,encoding_table)[0]
           ^^^^^^^^^^^^^^^^^^^^^^^^^^^^^^^^^^^^^^^^^^^^^^^^^^^^^^^
E   UnicodeEncodeError: 'charmap' codec can't encode character '\u2705' in position 0: character maps to <undefined>

During handling of the above exception, another exception occurred:
tests\test_headless_standalone.py:362: in test_interrupt_during_ai_response
    results.fail_test("Interrupt during AI response", e)
tests\test_headless_standalone.py:45: in fail_test
    print(f"\u274c {name}")
C:\Users\PC\AppData\Local\Programs\Python\Python311\Lib\encodings\cp1252.py:19: in encode
    return codecs.charmap_encode(input,self.errors,encoding_table)[0]
           ^^^^^^^^^^^^^^^^^^^^^^^^^^^^^^^^^^^^^^^^^^^^^^^^^^^^^^^
E   UnicodeEncodeError: 'charmap' codec can't encode character '\u274c' in position 0: character maps to <undefined>
_____________________ test_ielts_instructor_ai_authority ______________________
tests\test_headless_standalone.py:388: in test_ielts_instructor_ai_authority
    results.pass_test("IELTS Instructor enforces AI authority")
tests\test_headless_standalone.py:38: in pass_test
    print(f"\u2705 {name}")
C:\Users\PC\AppData\Local\Programs\Python\Python311\Lib\encodings\cp1252.py:19: in encode
    return codecs.charmap_encode(input,self.errors,encoding_table)[0]
           ^^^^^^^^^^^^^^^^^^^^^^^^^^^^^^^^^^^^^^^^^^^^^^^^^^^^^^^
E   UnicodeEncodeError: 'charmap' codec can't encode character '\u2705' in position 0: character maps to <undefined>

During handling of the above exception, another exception occurred:
tests\test_headless_standalone.py:390: in test_ielts_instructor_ai_authority
    results.fail_test("IELTS Instructor enforces AI authority", e)
tests\test_headless_standalone.py:45: in fail_test
    print(f"\u274c {name}")
C:\Users\PC\AppData\Local\Programs\Python\Python311\Lib\encodings\cp1252.py:19: in encode
    return codecs.charmap_encode(input,self.errors,encoding_table)[0]
           ^^^^^^^^^^^^^^^^^^^^^^^^^^^^^^^^^^^^^^^^^^^^^^^^^^^^^^^
E   UnicodeEncodeError: 'charmap' codec can't encode character '\u274c' in position 0: character maps to <undefined>
_______________________ test_negotiator_human_authority _______________________
tests\test_headless_standalone.py:410: in test_negotiator_human_authority
    results.pass_test("Negotiator allows human interruption")
tests\test_headless_standalone.py:38: in pass_test
    print(f"\u2705 {name}")
C:\Users\PC\AppData\Local\Programs\Python\Python311\Lib\encodings\cp1252.py:19: in encode
    return codecs.charmap_encode(input,self.errors,encoding_table)[0]
           ^^^^^^^^^^^^^^^^^^^^^^^^^^^^^^^^^^^^^^^^^^^^^^^^^^^^^^^
E   UnicodeEncodeError: 'charmap' codec can't encode character '\u2705' in position 0: character maps to <undefined>

During handling of the above exception, another exception occurred:
tests\test_headless_standalone.py:412: in test_negotiator_human_authority
    results.fail_test("Negotiator allows human interruption", e)
tests\test_headless_standalone.py:45: in fail_test
    print(f"\u274c {name}")
C:\Users\PC\AppData\Local\Programs\Python\Python311\Lib\encodings\cp1252.py:19: in encode
    return codecs.charmap_encode(input,self.errors,encoding_table)[0]
           ^^^^^^^^^^^^^^^^^^^^^^^^^^^^^^^^^^^^^^^^^^^^^^^^^^^^^^^
E   UnicodeEncodeError: 'charmap' codec can't encode character '\u274c' in position 0: character maps to <undefined>
_______________________ test_safety_timeout_force_ends ________________________
tests\test_headless_standalone.py:437: in test_safety_timeout_force_ends
    results.pass_test("Safety timeout force-ends turn")
tests\test_headless_standalone.py:38: in pass_test
    print(f"\u2705 {name}")
C:\Users\PC\AppData\Local\Programs\Python\Python311\Lib\encodings\cp1252.py:19: in encode
    return codecs.charmap_encode(input,self.errors,encoding_table)[0]
           ^^^^^^^^^^^^^^^^^^^^^^^^^^^^^^^^^^^^^^^^^^^^^^^^^^^^^^^
E   UnicodeEncodeError: 'charmap' codec can't encode character '\u2705' in position 0: character maps to <undefined>

During handling of the above exception, another exception occurred:
tests\test_headless_standalone.py:439: in test_safety_timeout_force_ends
    results.fail_test("Safety timeout force-ends turn", e)
tests\test_headless_standalone.py:45: in fail_test
    print(f"\u274c {name}")
C:\Users\PC\AppData\Local\Programs\Python\Python311\Lib\encodings\cp1252.py:19: in encode
    return codecs.charmap_encode(input,self.errors,encoding_table)[0]
           ^^^^^^^^^^^^^^^^^^^^^^^^^^^^^^^^^^^^^^^^^^^^^^^^^^^^^^^
E   UnicodeEncodeError: 'charmap' codec can't encode character '\u274c' in position 0: character maps to <undefined>
__________________________ test_human_speaking_limit __________________________
tests\test_headless_standalone.py:458: in test_human_speaking_limit
    results.pass_test("Human speaking limit triggers acknowledgment")
tests\test_headless_standalone.py:38: in pass_test
    print(f"\u2705 {name}")
C:\Users\PC\AppData\Local\Programs\Python\Python311\Lib\encodings\cp1252.py:19: in encode
    return codecs.charmap_encode(input,self.errors,encoding_table)[0]
           ^^^^^^^^^^^^^^^^^^^^^^^^^^^^^^^^^^^^^^^^^^^^^^^^^^^^^^^
E   UnicodeEncodeError: 'charmap' codec can't encode character '\u2705' in position 0: character maps to <undefined>

During handling of the above exception, another exception occurred:
tests\test_headless_standalone.py:460: in test_human_speaking_limit
    results.fail_test("Human speaking limit triggers acknowledgment", e)
tests\test_headless_standalone.py:45: in fail_test
    print(f"\u274c {name}")
C:\Users\PC\AppData\Local\Programs\Python\Python311\Lib\encodings\cp1252.py:19: in encode
    return codecs.charmap_encode(input,self.errors,encoding_table)[0]
           ^^^^^^^^^^^^^^^^^^^^^^^^^^^^^^^^^^^^^^^^^^^^^^^^^^^^^^^
E   UnicodeEncodeError: 'charmap' codec can't encode character '\u274c' in position 0: character maps to <undefined>
________________________ test_rapid_state_transitions _________________________
tests\test_headless_standalone.py:483: in test_rapid_state_transitions
    results.pass_test("Rapid state transitions")
tests\test_headless_standalone.py:38: in pass_test
    print(f"\u2705 {name}")
C:\Users\PC\AppData\Local\Programs\Python\Python311\Lib\encodings\cp1252.py:19: in encode
    return codecs.charmap_encode(input,self.errors,encoding_table)[0]
           ^^^^^^^^^^^^^^^^^^^^^^^^^^^^^^^^^^^^^^^^^^^^^^^^^^^^^^^
E   UnicodeEncodeError: 'charmap' codec can't encode character '\u2705' in position 0: character maps to <undefined>

During handling of the above exception, another exception occurred:
tests\test_headless_standalone.py:485: in test_rapid_state_transitions
    results.fail_test("Rapid state transitions", e)
tests\test_headless_standalone.py:45: in fail_test
    print(f"\u274c {name}")
C:\Users\PC\AppData\Local\Programs\Python\Python311\Lib\encodings\cp1252.py:19: in encode
    return codecs.charmap_encode(input,self.errors,encoding_table)[0]
           ^^^^^^^^^^^^^^^^^^^^^^^^^^^^^^^^^^^^^^^^^^^^^^^^^^^^^^^
E   UnicodeEncodeError: 'charmap' codec can't encode character '\u274c' in position 0: character maps to <undefined>
___________________________ test_phase_transitions ____________________________
tests\test_phase_profiles.py:64: in test_phase_transitions
    print(f"\\n\U0001f4cb Testing: {ielts.name}")
C:\Users\PC\AppData\Local\Programs\Python\Python311\Lib\encodings\cp1252.py:19: in encode
    return codecs.charmap_encode(input,self.errors,encoding_table)[0]
           ^^^^^^^^^^^^^^^^^^^^^^^^^^^^^^^^^^^^^^^^^^^^^^^^^^^^^^^
E   UnicodeEncodeError: 'charmap' codec can't encode character '\U0001f4cb' in position 2: character maps to <undefined>
________________________ test_phase_context_injection _________________________
tests\test_phase_profiles.py:97: in test_phase_context_injection
    print(f"\\n\U0001f4cb PhaseProfile: {ielts.name}")
C:\Users\PC\AppData\Local\Programs\Python\Python311\Lib\encodings\cp1252.py:19: in encode
    return codecs.charmap_encode(input,self.errors,encoding_table)[0]
           ^^^^^^^^^^^^^^^^^^^^^^^^^^^^^^^^^^^^^^^^^^^^^^^^^^^^^^^
E   UnicodeEncodeError: 'charmap' codec can't encode character '\U0001f4cb' in position 2: character maps to <undefined>
________________________ test_standalone_vs_phase_mode ________________________
tests\test_phase_profiles.py:118: in test_standalone_vs_phase_mode
    print(f"\\n\u2705 Standalone InstructionProfile: {standalone_profile.name}")
C:\Users\PC\AppData\Local\Programs\Python\Python311\Lib\encodings\cp1252.py:19: in encode
    return codecs.charmap_encode(input,self.errors,encoding_table)[0]
           ^^^^^^^^^^^^^^^^^^^^^^^^^^^^^^^^^^^^^^^^^^^^^^^^^^^^^^^
E   UnicodeEncodeError: 'charmap' codec can't encode character '\u2705' in position 2: character maps to <undefined>
____________________ test_phase_profile_end_to_end_simple _____________________
tests\test_phase_profiles.py:166: in test_phase_profile_end_to_end_simple
    from interactive_chat.main import ConversationEngine
interactive_chat\main.py:61: in <module>
    from .interfaces import get_asr, get_llm, get_tts
interactive_chat\interfaces\__init__.py:4: in <module>
    from .asr import (
interactive_chat\interfaces\asr.py:14: in <module>
    from faster_whisper import WhisperModel
.venv\Lib\site-packages\faster_whisper\__init__.py:2: in <module>
    from faster_whisper.transcribe import BatchedInferencePipeline, WhisperModel
.venv\Lib\site-packages\faster_whisper\transcribe.py:13: in <module>
    import ctranslate2
.venv\Lib\site-packages\ctranslate2\__init__.py:63: in <module>
    from ctranslate2 import converters, models, specs
.venv\Lib\site-packages\ctranslate2\converters\__init__.py:8: in <module>
    from ctranslate2.converters.transformers import TransformersConverter
.venv\Lib\site-packages\ctranslate2\converters\transformers.py:14: in <module>
    import transformers
.venv\Lib\site-packages\transformers\__init__.py:30: in <module>
    from . import dependency_versions_check
.venv\Lib\site-packages\transformers\dependency_versions_check.py:16: in <module>
    from .utils.versions import require_version, require_version_core
.venv\Lib\site-packages\transformers\utils\__init__.py:22: in <module>
    from .auto_docstring import (
.venv\Lib\site-packages\transformers\utils\auto_docstring.py:30: in <module>
    from .generic import ModelOutput
.venv\Lib\site-packages\transformers\utils\generic.py:42: in <module>
    if is_torch_available():
       ^^^^^^^^^^^^^^^^^^^^
.venv\Lib\site-packages\transformers\utils\import_utils.py:113: in is_torch_available
    is_available, torch_version = _is_package_available("torch", return_version=True)
                                  ^^^^^^^^^^^^^^^^^^^^^^^^^^^^^^^^^^^^^^^^^^^^^^^^^^^
.venv\Lib\site-packages\transformers\utils\import_utils.py:50: in _is_package_available
    spec = importlib.util.find_spec(pkg_name)
           ^^^^^^^^^^^^^^^^^^^^^^^^^^^^^^^^^^
<frozen importlib.util>:111: in find_spec
    ???
E   ValueError: torch.__spec__ is not set
============================== warnings summary ===============================
tests\test_api_endpoints.py:18
  D:\Work\Projects\AI\interactive-chat-ai\tests\test_api_endpoints.py:18: PytestUnknownMarkWarning: Unknown pytest.mark.asyncio - is this a typo?  You can register custom marks to avoid this warning - for details, see https://docs.pytest.org/en/stable/how-to/mark.html
    pytestmark = pytest.mark.asyncio

tests\test_headless_standalone.py:29
  D:\Work\Projects\AI\interactive-chat-ai\tests\test_headless_standalone.py:29: PytestCollectionWarning: cannot collect test class 'TestResults' because it has a __init__ constructor (from: tests/test_headless_standalone.py)
    class TestResults:

interactive_chat\api\models.py:30
  D:\Work\Projects\AI\interactive-chat-ai\interactive_chat\api\models.py:30: PydanticDeprecatedSince20: Support for class-based `config` is deprecated, use ConfigDict instead. Deprecated in Pydantic V2.0 to be removed in V3.0. See Pydantic V2 Migration Guide at https://errors.pydantic.dev/2.12/migration/
    class PhaseProgress(BaseModel):

interactive_chat\api\models.py:49
  D:\Work\Projects\AI\interactive-chat-ai\interactive_chat\api\models.py:49: PydanticDeprecatedSince20: Support for class-based `config` is deprecated, use ConfigDict instead. Deprecated in Pydantic V2.0 to be removed in V3.0. See Pydantic V2 Migration Guide at https://errors.pydantic.dev/2.12/migration/
    class PhaseState(BaseModel):

interactive_chat\api\models.py:75
  D:\Work\Projects\AI\interactive-chat-ai\interactive_chat\api\models.py:75: PydanticDeprecatedSince20: Support for class-based `config` is deprecated, use ConfigDict instead. Deprecated in Pydantic V2.0 to be removed in V3.0. See Pydantic V2 Migration Guide at https://errors.pydantic.dev/2.12/migration/
    class SpeakerStatus(BaseModel):

interactive_chat\api\models.py:92
  D:\Work\Projects\AI\interactive-chat-ai\interactive_chat\api\models.py:92: PydanticDeprecatedSince20: Support for class-based `config` is deprecated, use ConfigDict instead. Deprecated in Pydantic V2.0 to be removed in V3.0. See Pydantic V2 Migration Guide at https://errors.pydantic.dev/2.12/migration/
    class Turn(BaseModel):

interactive_chat\api\models.py:117
  D:\Work\Projects\AI\interactive-chat-ai\interactive_chat\api\models.py:117: PydanticDeprecatedSince20: Support for class-based `config` is deprecated, use ConfigDict instead. Deprecated in Pydantic V2.0 to be removed in V3.0. See Pydantic V2 Migration Guide at https://errors.pydantic.dev/2.12/migration/
    class ConversationState(BaseModel):

interactive_chat\api\models.py:138
  D:\Work\Projects\AI\interactive-chat-ai\interactive_chat\api\models.py:138: PydanticDeprecatedSince20: Support for class-based `config` is deprecated, use ConfigDict instead. Deprecated in Pydantic V2.0 to be removed in V3.0. See Pydantic V2 Migration Guide at https://errors.pydantic.dev/2.12/migration/
    class HealthResponse(BaseModel):

interactive_chat\api\models.py:155
  D:\Work\Projects\AI\interactive-chat-ai\interactive_chat\api\models.py:155: PydanticDeprecatedSince20: Support for class-based `config` is deprecated, use ConfigDict instead. Deprecated in Pydantic V2.0 to be removed in V3.0. See Pydantic V2 Migration Guide at https://errors.pydantic.dev/2.12/migration/
    class ErrorResponse(BaseModel):

interactive_chat\api\models.py:186
  D:\Work\Projects\AI\interactive-chat-ai\interactive_chat\api\models.py:186: PydanticDeprecatedSince20: Support for class-based `config` is deprecated, use ConfigDict instead. Deprecated in Pydantic V2.0 to be removed in V3.0. See Pydantic V2 Migration Guide at https://errors.pydantic.dev/2.12/migration/
    class SessionInfo(BaseModel):

interactive_chat\api\models.py:209
  D:\Work\Projects\AI\interactive-chat-ai\interactive_chat\api\models.py:209: PydanticDeprecatedSince20: Support for class-based `config` is deprecated, use ConfigDict instead. Deprecated in Pydantic V2.0 to be removed in V3.0. See Pydantic V2 Migration Guide at https://errors.pydantic.dev/2.12/migration/
    class WSEventMessage(BaseModel):

interactive_chat\api\models.py:232
  D:\Work\Projects\AI\interactive-chat-ai\interactive_chat\api\models.py:232: PydanticDeprecatedSince20: Support for class-based `config` is deprecated, use ConfigDict instead. Deprecated in Pydantic V2.0 to be removed in V3.0. See Pydantic V2 Migration Guide at https://errors.pydantic.dev/2.12/migration/
    class WSConnectionRequest(BaseModel):

interactive_chat\api\models.py:249
  D:\Work\Projects\AI\interactive-chat-ai\interactive_chat\api\models.py:249: PydanticDeprecatedSince20: Support for class-based `config` is deprecated, use ConfigDict instead. Deprecated in Pydantic V2.0 to be removed in V3.0. See Pydantic V2 Migration Guide at https://errors.pydantic.dev/2.12/migration/
    class APILimitation(BaseModel):

interactive_chat\api\models.py:267
  D:\Work\Projects\AI\interactive-chat-ai\interactive_chat\api\models.py:267: PydanticDeprecatedSince20: Support for class-based `config` is deprecated, use ConfigDict instead. Deprecated in Pydantic V2.0 to be removed in V3.0. See Pydantic V2 Migration Guide at https://errors.pydantic.dev/2.12/migration/
    class TextInput(BaseModel):

interactive_chat\api\models.py:293
  D:\Work\Projects\AI\interactive-chat-ai\interactive_chat\api\models.py:293: PydanticDeprecatedSince20: Support for class-based `config` is deprecated, use ConfigDict instead. Deprecated in Pydantic V2.0 to be removed in V3.0. See Pydantic V2 Migration Guide at https://errors.pydantic.dev/2.12/migration/
    class EngineCommandRequest(BaseModel):

interactive_chat\api\models.py:309
  D:\Work\Projects\AI\interactive-chat-ai\interactive_chat\api\models.py:309: PydanticDeprecatedSince20: Support for class-based `config` is deprecated, use ConfigDict instead. Deprecated in Pydantic V2.0 to be removed in V3.0. See Pydantic V2 Migration Guide at https://errors.pydantic.dev/2.12/migration/
    class EngineCommandResponse(BaseModel):

interactive_chat\api\models.py:326
  D:\Work\Projects\AI\interactive-chat-ai\interactive_chat\api\models.py:326: PydanticDeprecatedSince20: Support for class-based `config` is deprecated, use ConfigDict instead. Deprecated in Pydantic V2.0 to be removed in V3.0. See Pydantic V2 Migration Guide at https://errors.pydantic.dev/2.12/migration/
    class ConversationReset(BaseModel):

interactive_chat\api\models.py:342
  D:\Work\Projects\AI\interactive-chat-ai\interactive_chat\api\models.py:342: PydanticDeprecatedSince20: Support for class-based `config` is deprecated, use ConfigDict instead. Deprecated in Pydantic V2.0 to be removed in V3.0. See Pydantic V2 Migration Guide at https://errors.pydantic.dev/2.12/migration/
    class ResetResponse(BaseModel):

tests/test_phase_profiles.py::test_phase_profile_end_to_end_simple
  D:\Work\Projects\AI\interactive-chat-ai\interactive_chat\config.py:70: PydanticDeprecatedSince20: Support for class-based `config` is deprecated, use ConfigDict instead. Deprecated in Pydantic V2.0 to be removed in V3.0. See Pydantic V2 Migration Guide at https://errors.pydantic.dev/2.12/migration/
    class InstructionProfile(BaseModel):

tests/test_phase_profiles.py::test_phase_profile_end_to_end_simple
  D:\Work\Projects\AI\interactive-chat-ai\interactive_chat\config.py:95: PydanticDeprecatedSince20: Support for class-based `config` is deprecated, use ConfigDict instead. Deprecated in Pydantic V2.0 to be removed in V3.0. See Pydantic V2 Migration Guide at https://errors.pydantic.dev/2.12/migration/
    class PhaseTransition(BaseModel):

tests/test_phase_profiles.py::test_phase_profile_end_to_end_simple
  D:\Work\Projects\AI\interactive-chat-ai\interactive_chat\config.py:109: PydanticDeprecatedSince20: Support for class-based `config` is deprecated, use ConfigDict instead. Deprecated in Pydantic V2.0 to be removed in V3.0. See Pydantic V2 Migration Guide at https://errors.pydantic.dev/2.12/migration/
    class PhaseProfile(BaseModel):

tests/test_signals_integration.py::test_listener_exception_handling
  D:\Work\Projects\AI\interactive-chat-ai\.venv\Lib\site-packages\_pytest\python.py:170: PytestReturnNotNoneWarning: Test functions should return None, but tests/test_signals_integration.py::test_listener_exception_handling returned <class 'bool'>.
  Did you mean to use `assert` instead of `return`?
  See https://docs.pytest.org/en/stable/how-to/assert.html#return-not-none for more information.
    warnings.warn(

-- Docs: https://docs.pytest.org/en/stable/how-to/capture-warnings.html
=========================== short test summary info ===========================
FAILED tests/test_headless_comprehensive.py::TestStateTransitions::test_idle_to_speaking_on_vad_start
FAILED tests/test_headless_comprehensive.py::TestStateTransitions::test_speaking_resumes_from_pausing
FAILED tests/test_headless_comprehensive.py::TestStateTransitions::test_speaking_to_pausing_on_silence
FAILED tests/test_headless_comprehensive.py::TestStateTransitions::test_pausing_to_processing_on_extended_silence
FAILED tests/test_headless_comprehensive.py::TestAuthorityModes::test_human_authority_always_listens
FAILED tests/test_headless_comprehensive.py::TestAuthorityModes::test_ai_authority_mutes_mic_during_speech
FAILED tests/test_headless_comprehensive.py::TestAuthorityModes::test_ai_authority_blocks_interruptions
FAILED tests/test_headless_comprehensive.py::TestInterruptionLogic::test_human_interrupts_on_speech_at_low_sensitivity
FAILED tests/test_headless_comprehensive.py::TestInterruptionLogic::test_human_interrupts_on_energy_at_high_sensitivity
FAILED tests/test_headless_comprehensive.py::TestInterruptionLogic::test_hybrid_interruption_at_medium_sensitivity
FAILED tests/test_headless_comprehensive.py::TestActionGeneration::test_log_action_on_state_change
FAILED tests/test_headless_comprehensive.py::TestActionGeneration::test_speak_sentence_action_on_ai_sentence
FAILED tests/test_headless_comprehensive.py::TestActionGeneration::test_interrupt_ai_action_on_interruption
FAILED tests/test_headless_comprehensive.py::TestActionGeneration::test_process_turn_action_on_turn_end
FAILED tests/test_headless_comprehensive.py::TestTurnFlows::test_complete_user_turn_to_processing
FAILED tests/test_headless_comprehensive.py::TestTurnFlows::test_ai_response_sequence
FAILED tests/test_headless_comprehensive.py::TestProfileBehaviors::test_ielts_instructor_strict_control
FAILED tests/test_headless_comprehensive.py::TestProfileBehaviors::test_negotiator_user_priority
FAILED tests/test_headless_comprehensive.py::TestEdgeCases::test_rapid_state_transitions
FAILED tests/test_headless_comprehensive.py::TestEdgeCases::test_force_end_on_safety_timeout
FAILED tests/test_headless_comprehensive.py::TestEdgeCases::test_empty_turn_rejected
FAILED tests/test_headless_comprehensive.py::TestEdgeCases::test_human_speaking_limit
FAILED tests/test_headless_standalone.py::test_idle_to_speaking - UnicodeEnco...
FAILED tests/test_headless_standalone.py::test_speaking_to_pausing - UnicodeE...
FAILED tests/test_headless_standalone.py::test_pausing_to_idle - UnicodeEncod...
FAILED tests/test_headless_standalone.py::test_human_authority_always_listens
FAILED tests/test_headless_standalone.py::test_ai_authority_mutes_mic - Unico...
FAILED tests/test_headless_standalone.py::test_ai_authority_blocks_interruptions
FAILED tests/test_headless_standalone.py::test_human_authority_interrupts - U...
Testing basic state transitions...
  OK: VAD_SPEECH_START works
  OK: VAD_SPEECH_STOP works
  OK: TICK events advance state machine (PROCESS_TURN: True)
Testing signal emission safety...
  OK: Signal emission works (signals received: 1)
      Signals: conversation.interrupted
Testing with zero listeners...
  OK: Engine works with zero listeners
Testing listener error handling...
  OK: Listener exceptions handled safely
Testing emit_signal() convenience function...
  OK: emit_signal() works correctly
